[   13282ms] [INFO] %cDownload the React DevTools for a better development experience: https://react.dev/link/react-devtools font-weight:bold @ http://localhost:8082/node_modules/expo/AppEntry.bundle?platform=web&dev=true&hot=false&lazy=true&transform.engine=hermes&transform.routerRoot=app&unstable_transformProfile=hermes-stable:14849
[   13308ms] [LOG] Running application "main" with appParams:
 {rootTag: #root, hydrate: undefined} 
Development-level warnings: ON.
Performance optimizations: OFF. @ http://localhost:8082/node_modules/expo/AppEntry.bundle?platform=web&dev=true&hot=false&lazy=true&transform.engine=hermes&transform.routerRoot=app&unstable_transformProfile=hermes-stable:885
[   13379ms] [WARNING] props.pointerEvents is deprecated. Use style.pointerEvents @ http://localhost:8082/node_modules/expo/AppEntry.bundle?platform=web&dev=true&hot=false&lazy=true&transform.engine=hermes&transform.routerRoot=app&unstable_transformProfile=hermes-stable:19568
[   16516ms] [INFO] %cDownload the React DevTools for a better development experience: https://react.dev/link/react-devtools font-weight:bold @ http://localhost:8082/node_modules/expo/AppEntry.bundle?platform=web&dev=true&hot=false&lazy=true&transform.engine=hermes&transform.routerRoot=app&unstable_transformProfile=hermes-stable:14849
[   16525ms] [LOG] Running application "main" with appParams:
 {rootTag: #root, hydrate: undefined} 
Development-level warnings: ON.
Performance optimizations: OFF. @ http://localhost:8082/node_modules/expo/AppEntry.bundle?platform=web&dev=true&hot=false&lazy=true&transform.engine=hermes&transform.routerRoot=app&unstable_transformProfile=hermes-stable:885
[   16542ms] [WARNING] props.pointerEvents is deprecated. Use style.pointerEvents @ http://localhost:8082/node_modules/expo/AppEntry.bundle?platform=web&dev=true&hot=false&lazy=true&transform.engine=hermes&transform.routerRoot=app&unstable_transformProfile=hermes-stable:19568
[   20002ms] [INFO] %cDownload the React DevTools for a better development experience: https://react.dev/link/react-devtools font-weight:bold @ http://localhost:8082/node_modules/expo/AppEntry.bundle?platform=web&dev=true&hot=false&lazy=true&transform.engine=hermes&transform.routerRoot=app&unstable_transformProfile=hermes-stable:14849
[   20012ms] [LOG] Running application "main" with appParams:
 {rootTag: #root, hydrate: undefined} 
Development-level warnings: ON.
Performance optimizations: OFF. @ http://localhost:8082/node_modules/expo/AppEntry.bundle?platform=web&dev=true&hot=false&lazy=true&transform.engine=hermes&transform.routerRoot=app&unstable_transformProfile=hermes-stable:885
[   20014ms] [INFO] Slow network is detected. See https://www.chromestatus.com/feature/5636954674692096 for more details. Fallback font will be used while loading: http://localhost:8082/assets/?unstable_path=.%2Fnode_modules%2F%40expo-google-fonts%2Fdm-sans%2F400Regular/DMSans_400Regular.ttf @ http://localhost:8082/node_modules/expo/AppEntry.bundle?platform=web&dev=true&hot=false&lazy=true&transform.engine=hermes&transform.routerRoot=app&unstable_transformProfile=hermes-stable:53794
[   20014ms] [INFO] Slow network is detected. See https://www.chromestatus.com/feature/5636954674692096 for more details. Fallback font will be used while loading: http://localhost:8082/assets/?unstable_path=.%2Fnode_modules%2F%40expo-google-fonts%2Fdm-sans%2F500Medium/DMSans_500Medium.ttf @ http://localhost:8082/node_modules/expo/AppEntry.bundle?platform=web&dev=true&hot=false&lazy=true&transform.engine=hermes&transform.routerRoot=app&unstable_transformProfile=hermes-stable:53794
[   20014ms] [INFO] Slow network is detected. See https://www.chromestatus.com/feature/5636954674692096 for more details. Fallback font will be used while loading: http://localhost:8082/assets/?unstable_path=.%2Fnode_modules%2F%40expo-google-fonts%2Fdm-sans%2F600SemiBold/DMSans_600SemiBold.ttf @ http://localhost:8082/node_modules/expo/AppEntry.bundle?platform=web&dev=true&hot=false&lazy=true&transform.engine=hermes&transform.routerRoot=app&unstable_transformProfile=hermes-stable:53794
[   20014ms] [INFO] Slow network is detected. See https://www.chromestatus.com/feature/5636954674692096 for more details. Fallback font will be used while loading: http://localhost:8082/assets/?unstable_path=.%2Fnode_modules%2F%40expo-google-fonts%2Fsarina%2F400Regular/Sarina_400Regular.ttf @ http://localhost:8082/node_modules/expo/AppEntry.bundle?platform=web&dev=true&hot=false&lazy=true&transform.engine=hermes&transform.routerRoot=app&unstable_transformProfile=hermes-stable:53794
[   20014ms] [INFO] Slow network is detected. See https://www.chromestatus.com/feature/5636954674692096 for more details. Fallback font will be used while loading: http://localhost:8082/assets/?unstable_path=.%2Fassets%2Ffonts/ClashDisplay-Light.ttf @ http://localhost:8082/node_modules/expo/AppEntry.bundle?platform=web&dev=true&hot=false&lazy=true&transform.engine=hermes&transform.routerRoot=app&unstable_transformProfile=hermes-stable:53794
[   20015ms] [INFO] Slow network is detected. See https://www.chromestatus.com/feature/5636954674692096 for more details. Fallback font will be used while loading: http://localhost:8082/assets/?unstable_path=.%2Fassets%2Ffonts/ClashDisplay-Regular.ttf @ http://localhost:8082/node_modules/expo/AppEntry.bundle?platform=web&dev=true&hot=false&lazy=true&transform.engine=hermes&transform.routerRoot=app&unstable_transformProfile=hermes-stable:53794
[   20015ms] [INFO] Slow network is detected. See https://www.chromestatus.com/feature/5636954674692096 for more details. Fallback font will be used while loading: http://localhost:8082/assets/?unstable_path=.%2Fassets%2Ffonts/ClashDisplay-Medium.ttf @ http://localhost:8082/node_modules/expo/AppEntry.bundle?platform=web&dev=true&hot=false&lazy=true&transform.engine=hermes&transform.routerRoot=app&unstable_transformProfile=hermes-stable:53794
[   20015ms] [INFO] Slow network is detected. See https://www.chromestatus.com/feature/5636954674692096 for more details. Fallback font will be used while loading: http://localhost:8082/assets/?unstable_path=.%2Fassets%2Ffonts/ClashDisplay-SemiBold.ttf @ http://localhost:8082/node_modules/expo/AppEntry.bundle?platform=web&dev=true&hot=false&lazy=true&transform.engine=hermes&transform.routerRoot=app&unstable_transformProfile=hermes-stable:53794
[   20032ms] [WARNING] props.pointerEvents is deprecated. Use style.pointerEvents @ http://localhost:8082/node_modules/expo/AppEntry.bundle?platform=web&dev=true&hot=false&lazy=true&transform.engine=hermes&transform.routerRoot=app&unstable_transformProfile=hermes-stable:19568
[   20591ms] [INFO] %cDownload the React DevTools for a better development experience: https://react.dev/link/react-devtools font-weight:bold @ http://localhost:8082/node_modules/expo/AppEntry.bundle?platform=web&dev=true&hot=false&lazy=true&transform.engine=hermes&transform.routerRoot=app&unstable_transformProfile=hermes-stable:14849
[   20600ms] [LOG] Running application "main" with appParams:
 {rootTag: #root, hydrate: undefined} 
Development-level warnings: ON.
Performance optimizations: OFF. @ http://localhost:8082/node_modules/expo/AppEntry.bundle?platform=web&dev=true&hot=false&lazy=true&transform.engine=hermes&transform.routerRoot=app&unstable_transformProfile=hermes-stable:885
[   20602ms] [INFO] Slow network is detected. See https://www.chromestatus.com/feature/5636954674692096 for more details. Fallback font will be used while loading: http://localhost:8082/assets/?unstable_path=.%2Fnode_modules%2F%40expo-google-fonts%2Fdm-sans%2F400Regular/DMSans_400Regular.ttf @ http://localhost:8082/node_modules/expo/AppEntry.bundle?platform=web&dev=true&hot=false&lazy=true&transform.engine=hermes&transform.routerRoot=app&unstable_transformProfile=hermes-stable:53794
[   20602ms] [INFO] Slow network is detected. See https://www.chromestatus.com/feature/5636954674692096 for more details. Fallback font will be used while loading: http://localhost:8082/assets/?unstable_path=.%2Fnode_modules%2F%40expo-google-fonts%2Fdm-sans%2F500Medium/DMSans_500Medium.ttf @ http://localhost:8082/node_modules/expo/AppEntry.bundle?platform=web&dev=true&hot=false&lazy=true&transform.engine=hermes&transform.routerRoot=app&unstable_transformProfile=hermes-stable:53794
[   20602ms] [INFO] Slow network is detected. See https://www.chromestatus.com/feature/5636954674692096 for more details. Fallback font will be used while loading: http://localhost:8082/assets/?unstable_path=.%2Fnode_modules%2F%40expo-google-fonts%2Fdm-sans%2F600SemiBold/DMSans_600SemiBold.ttf @ http://localhost:8082/node_modules/expo/AppEntry.bundle?platform=web&dev=true&hot=false&lazy=true&transform.engine=hermes&transform.routerRoot=app&unstable_transformProfile=hermes-stable:53794
[   20602ms] [INFO] Slow network is detected. See https://www.chromestatus.com/feature/5636954674692096 for more details. Fallback font will be used while loading: http://localhost:8082/assets/?unstable_path=.%2Fnode_modules%2F%40expo-google-fonts%2Fsarina%2F400Regular/Sarina_400Regular.ttf @ http://localhost:8082/node_modules/expo/AppEntry.bundle?platform=web&dev=true&hot=false&lazy=true&transform.engine=hermes&transform.routerRoot=app&unstable_transformProfile=hermes-stable:53794
[   20602ms] [INFO] Slow network is detected. See https://www.chromestatus.com/feature/5636954674692096 for more details. Fallback font will be used while loading: http://localhost:8082/assets/?unstable_path=.%2Fassets%2Ffonts/ClashDisplay-Light.ttf @ http://localhost:8082/node_modules/expo/AppEntry.bundle?platform=web&dev=true&hot=false&lazy=true&transform.engine=hermes&transform.routerRoot=app&unstable_transformProfile=hermes-stable:53794
[   20602ms] [INFO] Slow network is detected. See https://www.chromestatus.com/feature/5636954674692096 for more details. Fallback font will be used while loading: http://localhost:8082/assets/?unstable_path=.%2Fassets%2Ffonts/ClashDisplay-Regular.ttf @ http://localhost:8082/node_modules/expo/AppEntry.bundle?platform=web&dev=true&hot=false&lazy=true&transform.engine=hermes&transform.routerRoot=app&unstable_transformProfile=hermes-stable:53794
[   20602ms] [INFO] Slow network is detected. See https://www.chromestatus.com/feature/5636954674692096 for more details. Fallback font will be used while loading: http://localhost:8082/assets/?unstable_path=.%2Fassets%2Ffonts/ClashDisplay-Medium.ttf @ http://localhost:8082/node_modules/expo/AppEntry.bundle?platform=web&dev=true&hot=false&lazy=true&transform.engine=hermes&transform.routerRoot=app&unstable_transformProfile=hermes-stable:53794
[   20604ms] [INFO] Slow network is detected. See https://www.chromestatus.com/feature/5636954674692096 for more details. Fallback font will be used while loading: http://localhost:8082/assets/?unstable_path=.%2Fassets%2Ffonts/ClashDisplay-SemiBold.ttf @ http://localhost:8082/node_modules/expo/AppEntry.bundle?platform=web&dev=true&hot=false&lazy=true&transform.engine=hermes&transform.routerRoot=app&unstable_transformProfile=hermes-stable:53794
[   20620ms] [WARNING] props.pointerEvents is deprecated. Use style.pointerEvents @ http://localhost:8082/node_modules/expo/AppEntry.bundle?platform=web&dev=true&hot=false&lazy=true&transform.engine=hermes&transform.routerRoot=app&unstable_transformProfile=hermes-stable:19568
[   23555ms] [INFO] Slow network is detected. See https://www.chromestatus.com/feature/5636954674692096 for more details. Fallback font will be used while loading: http://localhost:8082/assets/?unstable_path=.%2Fnode_modules%2F%40expo%2Fvector-icons%2Fbuild%2Fvendor%2Freact-native-vector-icons%2FFonts/Feather.ttf @ http://localhost:8082/node_modules/expo/AppEntry.bundle?platform=web&dev=true&hot=false&lazy=true&transform.engine=hermes&transform.routerRoot=app&unstable_transformProfile=hermes-stable:53794
[   23558ms] [INFO] Slow network is detected. See https://www.chromestatus.com/feature/5636954674692096 for more details. Fallback font will be used while loading: http://localhost:8082/assets/?unstable_path=.%2Fassets%2Ffonts/ClashDisplay-Medium.ttf @ http://localhost:8082/:0
[   23559ms] [INFO] Slow network is detected. See https://www.chromestatus.com/feature/5636954674692096 for more details. Fallback font will be used while loading: http://localhost:8082/assets/?unstable_path=.%2Fassets%2Ffonts/ClashDisplay-SemiBold.ttf @ http://localhost:8082/:0
[   23559ms] [INFO] Slow network is detected. See https://www.chromestatus.com/feature/5636954674692096 for more details. Fallback font will be used while loading: http://localhost:8082/assets/?unstable_path=.%2Fassets%2Ffonts/ClashDisplay-Light.ttf @ http://localhost:8082/:0
[   23559ms] [INFO] Slow network is detected. See https://www.chromestatus.com/feature/5636954674692096 for more details. Fallback font will be used while loading: http://localhost:8082/assets/?unstable_path=.%2Fassets%2Ffonts/ClashDisplay-Regular.ttf @ http://localhost:8082/:0
[   23559ms] [INFO] Slow network is detected. See https://www.chromestatus.com/feature/5636954674692096 for more details. Fallback font will be used while loading: http://localhost:8082/assets/?unstable_path=.%2Fnode_modules%2F%40expo-google-fonts%2Fdm-sans%2F500Medium/DMSans_500Medium.ttf @ http://localhost:8082/:0
[   26243ms] [INFO] Slow network is detected. See https://www.chromestatus.com/feature/5636954674692096 for more details. Fallback font will be used while loading: http://localhost:8082/assets/?unstable_path=.%2Fnode_modules%2F%40expo-google-fonts%2Fdm-sans%2F400Regular/DMSans_400Regular.ttf @ http://localhost:8082/:0
[   26247ms] [WARNING] Blocked aria-hidden on an element because its descendant retained focus. The focus must not be hidden from assistive technology users. Avoid using aria-hidden on a focused element or its ancestor. Consider using the inert attribute instead, which will also prevent focus. For more details, see the aria-hidden section of the WAI-ARIA specification at https://w3c.github.io/aria/#aria-hidden.
Element with focus: <div.css-view-g5y9jx r-transitionProperty-1i6wzkk r-userSelect-lrvibr r-cursor-1loqt21 r-touchAction-1otgn73 r-backgroundColor-14lw9ot r-overflow-1udh08x>
Ancestor with aria-hidden: <div.css-view-g5y9jx r-flex-13awgt0 r-bottom-1p0dtai r-left-1d2f490 r-position-u8s1d r-right-zchlnj r-top-ipm5af> @ http://localhost:8082/:0
